// Jest Snapshot v1, https://goo.gl/fbAQLP

exports[`finding surrounding squares should construct a planned field for the tests 1`] = `
Immutable.Field {
  "rowCount": 3,
  "columnCount": 3,
  "isFinished": false,
  "squares": Immutable.List [
    Immutable.List [
      Immutable.Square {
        "coordinates": Immutable.List [],
        "isMine": true,
        "isFlagged": false,
        "isOpened": false,
        "numberOfMinesSurrounding": 0,
        "isRevealed": false,
      },
      Immutable.Square {
        "coordinates": Immutable.List [],
        "isMine": false,
        "isFlagged": false,
        "isOpened": false,
        "numberOfMinesSurrounding": 1,
        "isRevealed": false,
      },
      Immutable.Square {
        "coordinates": Immutable.List [],
        "isMine": false,
        "isFlagged": false,
        "isOpened": false,
        "numberOfMinesSurrounding": 0,
        "isRevealed": false,
      },
    ],
    Immutable.List [
      Immutable.Square {
        "coordinates": Immutable.List [],
        "isMine": false,
        "isFlagged": false,
        "isOpened": false,
        "numberOfMinesSurrounding": 1,
        "isRevealed": false,
      },
      Immutable.Square {
        "coordinates": Immutable.List [],
        "isMine": false,
        "isFlagged": false,
        "isOpened": false,
        "numberOfMinesSurrounding": 1,
        "isRevealed": false,
      },
      Immutable.Square {
        "coordinates": Immutable.List [],
        "isMine": false,
        "isFlagged": false,
        "isOpened": false,
        "numberOfMinesSurrounding": 0,
        "isRevealed": false,
      },
    ],
    Immutable.List [
      Immutable.Square {
        "coordinates": Immutable.List [],
        "isMine": false,
        "isFlagged": false,
        "isOpened": false,
        "numberOfMinesSurrounding": 0,
        "isRevealed": false,
      },
      Immutable.Square {
        "coordinates": Immutable.List [],
        "isMine": false,
        "isFlagged": false,
        "isOpened": false,
        "numberOfMinesSurrounding": 0,
        "isRevealed": false,
      },
      Immutable.Square {
        "coordinates": Immutable.List [],
        "isMine": false,
        "isFlagged": false,
        "isOpened": false,
        "numberOfMinesSurrounding": 0,
        "isRevealed": false,
      },
    ],
  ],
}
`;
