// Jest Snapshot v1, https://goo.gl/fbAQLP

exports[`Player class should serialize to JSON 1`] = `"{\\"name\\":\\"Anonymous\\"}"`;
